Error at line 3: the definition of symbol 'you' is circular
