Program
  Ask
    Opt
      Numeral NUMERAL="1.2"
