Program
  Let
    List
      Binding
        IdDecl ID="r"
        Numeral NUMERAL="3.23"
      Binding
        IdDecl ID="p"
        Numeral NUMERAL="100.0"
    Div
      IdUse ID="r"
      IdUse ID="p"
