Program
  Mul
    Numeral NUMERAL="2.0"
    IdUse ID="PI"
